Last login: Sat Oct  1 11:11:49 on ttyp3
Welcome to Darwin!
camp:~ camp$ ssh root@192.168.232.1
root@192.168.232.1's password: 
Last login: Sat Oct  1 11:24:07 2005 from 192.168.232.210
LocustWorld Mesh: v10 b25.1303 Linux 2.4.20.
1.248.64.31@meshbox:~# ssh 1.188.212.31
root@1.188.212.31's password: 
Last login: Sat Oct  1 11:01:38 2005 from 192.168.233.210
LocustWorld Mesh: v10 b25.1303 Linux 2.4.20.
1.188.212.31@meshbox:~# reporter
br0       Link encap:Ethernet  HWaddr 00:04:E2:81:A5:E2  
          inet addr:1.188.212.31  Bcast:1.255.255.255  Mask:255.0.0.0
wlan0     IEEE 802.11b  ESSID:"TFA-Wireless_test"  Nickname:"1.188.212.31"
          Mode:Master  Frequency:2.412GHz  Access Point: 00:04:E2:81:A5:E2  
          Bit Rate:11Mb/s   Tx-Power=24 dBm   Sensitivity=1/3  
          Retry min limit:8   RTS thr=250 B   Fragment thr:off
          Encryption key:off
          Power Management:off
          Link Quality:0  Signal level:0  Noise level:0
          Rx invalid nwid:0  Rx invalid crypt:1  Rx invalid frag:0
          Tx excessive retries:1171  Invalid misc:4172   Missed beacon:0

Connected to the network
          inet addr:172.16.233.2  P-t-P:172.16.233.1  Mask:255.255.255.255
0.0.0.0         172.16.233.1    0.0.0.0         UG    0      0        0 tun0
==>       1  DHCP clients
Mesh nodes detected

1.248.64.31 1.248.64.31 1 117 (100% @ 0)
10.161.148.172 1.248.64.31 1 117 (100% @ 0)
1.93.105.236 1.93.105.236 1 119 (100% @ 0)
1.70.18.140 1.70.18.140 1 115 (100% @ 0)
1.241.56.218 1.248.64.31 2 255
1.188.212.31@meshbox:~# blocknode 1.70.18.140
1.188.212.31@meshbox:~# reporter
br0       Link encap:Ethernet  HWaddr 00:04:E2:81:A5:E2  
          inet addr:1.188.212.31  Bcast:1.255.255.255  Mask:255.0.0.0
wlan0     IEEE 802.11b  ESSID:"TFA-Wireless_test"  Nickname:"1.188.212.31"
          Mode:Master  Frequency:2.412GHz  Access Point: 00:04:E2:81:A5:E2  
          Bit Rate:11Mb/s   Tx-Power=24 dBm   Sensitivity=1/3  
          Retry min limit:8   RTS thr=250 B   Fragment thr:off
          Encryption key:off
          Power Management:off
          Link Quality:0  Signal level:0  Noise level:0
          Rx invalid nwid:0  Rx invalid crypt:1  Rx invalid frag:0
          Tx excessive retries:1196  Invalid misc:4338   Missed beacon:0

Connected to the network
          inet addr:172.16.233.2  P-t-P:172.16.233.1  Mask:255.255.255.255
0.0.0.0         172.16.233.1    0.0.0.0         UG    0      0        0 tun0
==>       1  DHCP clients
Mesh nodes detected

1.248.64.31 1.248.64.31 1 117 (100% @ 0)
10.161.148.172 1.248.64.31 1 118 (100% @ 0)
1.93.105.236 1.93.105.236 1 119 (100% @ 0)
1.70.18.140 1.70.18.140 1 115 (0% @ 120)
1.241.56.218 1.248.64.31 2 255
1.188.212.31@meshbox:~# ssh 1.93.105.236
root@1.93.105.236's password: 
Permission denied, please try again.
root@1.93.105.236's password: 
Last login: Sat Oct  1 11:19:09 2005 from 192.168.129.209
LocustWorld Mesh: v10 b25.1303 Linux 2.4.20.
1.93.105.236@meshbox:~# reporter
br0       Link encap:Ethernet  HWaddr 00:04:E2:81:A5:F0  
          inet addr:1.93.105.236  Bcast:1.255.255.255  Mask:255.0.0.0
wlan0     IEEE 802.11b  ESSID:"TFA-Wireless_test"  Nickname:"1.93.105.236"
          Mode:Master  Frequency:2.412GHz  Access Point: 00:04:E2:81:A5:F0  
          Bit Rate:11Mb/s   Tx-Power=24 dBm   Sensitivity=1/3  
          Retry min limit:8   RTS thr=250 B   Fragment thr:off
          Encryption key:off
          Power Management:off
          Link Quality:0  Signal level:0  Noise level:0
          Rx invalid nwid:0  Rx invalid crypt:2  Rx invalid frag:0
          Tx excessive retries:884  Invalid misc:4424   Missed beacon:0

Connected to the network
          inet addr:172.16.129.2  P-t-P:172.16.129.1  Mask:255.255.255.255
0.0.0.0         172.16.129.1    0.0.0.0         UG    0      0        0 tun0
==>       2  DHCP clients
Mesh nodes detected

1.70.18.140 1.70.18.140 1 117 (100% @ 0)
1.188.212.31 1.188.212.31 1 116 (100% @ 0)
1.248.64.31 1.188.212.31 2 255
1.241.56.218 1.188.212.31 3 255
1.93.105.236@meshbox:~# ssh 1.70.18.140
root@1.70.18.140's password: 
Last login: Sat Oct  1 11:28:50 2005 from 1.93.105.236
LocustWorld Mesh: v10 b25.1303 Linux 2.4.20.
1.70.18.140@meshbox:~# reporter
br0       Link encap:Ethernet  HWaddr 00:04:E2:81:A5:EF  
          inet addr:1.70.18.140  Bcast:1.255.255.255  Mask:255.0.0.0
wlan0     IEEE 802.11b  ESSID:"TFA-Wireless_test"  Nickname:"1.70.18.140"
          Mode:Master  Frequency:2.412GHz  Access Point: 00:04:E2:81:A5:EF  
          Bit Rate:11Mb/s   Tx-Power=24 dBm   Sensitivity=1/3  
          Retry min limit:8   RTS thr=250 B   Fragment thr:off
          Encryption key:off
          Power Management:off
          Link Quality:0  Signal level:0  Noise level:0
          Rx invalid nwid:0  Rx invalid crypt:0  Rx invalid frag:0
          Tx excessive retries:881  Invalid misc:887   Missed beacon:0

Connected to the network
          inet addr:172.16.245.2  P-t-P:172.16.245.1  Mask:255.255.255.255
0.0.0.0         172.16.245.1    0.0.0.0         UG    0      0        0 tun0
==>       1  DHCP clients
Mesh nodes detected

1.93.105.236 1.93.105.236 1 115 (100% @ 0)
1.188.212.31 1.188.212.31 1 110 (100% @ 0)
1.241.56.218 1.188.212.31 3 255
1.70.18.140@meshbox:~# blocknode 1.188.212.31
1.70.18.140@meshbox:~# reporter
br0       Link encap:Ethernet  HWaddr 00:04:E2:81:A5:EF  
          inet addr:1.70.18.140  Bcast:1.255.255.255  Mask:255.0.0.0
wlan0     IEEE 802.11b  ESSID:"TFA-Wireless_test"  Nickname:"1.70.18.140"
          Mode:Master  Frequency:2.412GHz  Access Point: 00:04:E2:81:A5:EF  
          Bit Rate:11Mb/s   Tx-Power=24 dBm   Sensitivity=1/3  
          Retry min limit:8   RTS thr=250 B   Fragment thr:off
          Encryption key:off
          Power Management:off
          Link Quality:0  Signal level:0  Noise level:0
          Rx invalid nwid:0  Rx invalid crypt:0  Rx invalid frag:0
          Tx excessive retries:881  Invalid misc:890   Missed beacon:0

Connected to the network
          inet addr:172.16.245.2  P-t-P:172.16.245.1  Mask:255.255.255.255
0.0.0.0         172.16.245.1    0.0.0.0         UG    0      0        0 tun0
==>       1  DHCP clients
Mesh nodes detected

1.93.105.236 1.93.105.236 1 116 (100% @ 0)
1.188.212.31 1.188.212.31 1 113 (0% @ 120)
1.241.56.218 1.188.212.31 3 255
1.70.18.140@meshbox:~# reporter
br0       Link encap:Ethernet  HWaddr 00:04:E2:81:A5:EF  
          inet addr:1.70.18.140  Bcast:1.255.255.255  Mask:255.0.0.0
wlan0     IEEE 802.11b  ESSID:"TFA-Wireless_test"  Nickname:"1.70.18.140"
          Mode:Master  Frequency:2.412GHz  Access Point: 00:04:E2:81:A5:EF  
          Bit Rate:11Mb/s   Tx-Power=24 dBm   Sensitivity=1/3  
          Retry min limit:8   RTS thr=250 B   Fragment thr:off
          Encryption key:off
          Power Management:off
          Link Quality:0  Signal level:0  Noise level:0
          Rx invalid nwid:0  Rx invalid crypt:0  Rx invalid frag:0
          Tx excessive retries:881  Invalid misc:895   Missed beacon:0

Connected to the network
          inet addr:172.16.245.2  P-t-P:172.16.245.1  Mask:255.255.255.255
0.0.0.0         172.16.245.1    0.0.0.0         UG    0      0        0 tun0
==>       1  DHCP clients
Mesh nodes detected

1.93.105.236 1.93.105.236 1 115 (100% @ 0)
1.241.56.218 1.93.105.236 4 255
1.70.18.140@meshbox:~# watch reporter
1.70.18.140@meshbox:~# watch reporter
1.70.18.140@meshbox:~# watch reporter
1.70.18.140@meshbox:~# ping 1.241.56.218
PING 1.241.56.218 (1.241.56.218): 56 data bytes
64 bytes from 1.241.56.218: icmp_seq=0 ttl=61 time=17.132 ms
64 bytes from 1.241.56.218: icmp_seq=1 ttl=61 time=15.948 ms
--- 1.241.56.218 ping statistics ---
2 packets transmitted, 2 packets received, 0% packet loss
round-trip min/avg/max/stddev = 15.948/16.540/17.132/0.592 ms
1.70.18.140@meshbox:~# leechtest
  % Total    % Received % Xferd  Average Speed          Time             Curr.
                                 Dload  Upload Total    Current  Left    Speed
  3 10.9M    3  444k    0     0  60180      0  0:03:10  0:00:07  0:03:03 58574
1.70.18.140@meshbox:~# exit
logout
Connection to 1.70.18.140 closed.
1.93.105.236@meshbox:~# leechtest

1.93.105.236@meshbox:~# reporter
br0       Link encap:Ethernet  HWaddr 00:04:E2:81:A5:F0  
          inet addr:1.93.105.236  Bcast:1.255.255.255  Mask:255.0.0.0
wlan0     IEEE 802.11b  ESSID:"TFA-Wireless_test"  Nickname:"1.93.105.236"
          Mode:Master  Frequency:2.412GHz  Access Point: 00:04:E2:81:A5:F0  
          Bit Rate:11Mb/s   Tx-Power=24 dBm   Sensitivity=1/3  
          Retry min limit:8   RTS thr=250 B   Fragment thr:off
          Encryption key:off
          Power Management:off
          Link Quality:0  Signal level:0  Noise level:0
          Rx invalid nwid:0  Rx invalid crypt:2  Rx invalid frag:0
          Tx excessive retries:1181  Invalid misc:8183   Missed beacon:0

Connected to the network
          inet addr:172.16.129.2  P-t-P:172.16.129.1  Mask:255.255.255.255
0.0.0.0         172.16.129.1    0.0.0.0         UG    0      0        0 tun0
==>       2  DHCP clients
Mesh nodes detected

1.70.18.140 1.70.18.140 1 111 (100% @ 0)
1.188.212.31 1.188.212.31 1 119 (100% @ 0)
1.248.64.31 1.188.212.31 2 255
1.241.56.218 1.188.212.31 3 255
                                                                               
Broadcast Message from root@meshbox                                            
        (somewhere) at 11:39 ...                                               
                                                                               
Attempting to connect gateway 1.241.56.218                                     

                                                                               
                                                                               
Broadcast Message from root@meshbox                                            
        (somewhere) at 11:39 ...                                               
                                                                               
New gateway found at 172.16.233.1                                              

                                                                               

1.93.105.236@meshbox:~# leechtest

1.93.105.236@meshbox:~# reporter
br0       Link encap:Ethernet  HWaddr 00:04:E2:81:A5:F0  
          inet addr:1.93.105.236  Bcast:1.255.255.255  Mask:255.0.0.0
wlan0     IEEE 802.11b  ESSID:"TFA-Wireless_test"  Nickname:"1.93.105.236"
          Mode:Master  Frequency:2.412GHz  Access Point: 00:04:E2:81:A5:F0  
          Bit Rate:11Mb/s   Tx-Power=24 dBm   Sensitivity=1/3  
          Retry min limit:8   RTS thr=250 B   Fragment thr:off
          Encryption key:off
          Power Management:off
          Link Quality:0  Signal level:0  Noise level:0
          Rx invalid nwid:0  Rx invalid crypt:2  Rx invalid frag:0
          Tx excessive retries:1489  Invalid misc:11282   Missed beacon:0

Connected to the network
          inet addr:172.16.129.2  P-t-P:172.16.129.1  Mask:255.255.255.255
0.0.0.0         172.16.129.1    0.0.0.0         UG    0      0        0 tun0
==>       2  DHCP clients
Mesh nodes detected

1.70.18.140 1.70.18.140 1 117 (100% @ 0)
1.188.212.31 1.188.212.31 1 119 (100% @ 0)
                                                                               
Broadcast Message from root@meshbox                                            
        (somewhere) at 11:40 ...                                               
                                                                               
Attempting to connect gateway 1.241.56.218                                     

                                                                               
                                                                               
Broadcast Message from root@meshbox                                            
        (somewhere) at 11:40 ...                                               
                                                                               
New gateway found at 172.16.129.1                                              

                                                                               

1.93.105.236@meshbox:~# reporter
br0       Link encap:Ethernet  HWaddr 00:04:E2:81:A5:F0  
          inet addr:1.93.105.236  Bcast:1.255.255.255  Mask:255.0.0.0
wlan0     IEEE 802.11b  ESSID:"TFA-Wireless_test"  Nickname:"1.93.105.236"
          Mode:Master  Frequency:2.412GHz  Access Point: 00:04:E2:81:A5:F0  
          Bit Rate:11Mb/s   Tx-Power=24 dBm   Sensitivity=1/3  
          Retry min limit:8   RTS thr=250 B   Fragment thr:off
          Encryption key:off
          Power Management:off
          Link Quality:0  Signal level:0  Noise level:0
          Rx invalid nwid:0  Rx invalid crypt:2  Rx invalid frag:0
          Tx excessive retries:1509  Invalid misc:12210   Missed beacon:0

Connected to the network
          inet addr:172.16.129.2  P-t-P:172.16.129.1  Mask:255.255.255.255
0.0.0.0         172.16.129.1    0.0.0.0         UG    0      0        0 tun1
==>       2  DHCP clients
Mesh nodes detected

1.70.18.140 1.70.18.140 1 117 (100% @ 0)
1.188.212.31 1.188.212.31 1 119 (100% @ 0)
1.241.56.218 1.188.212.31 3 255
1.93.105.236@meshbox:~# leechtest
  % Total    % Received % Xferd  Average Speed          Time             Curr.
                                 Dload  Upload Total    Current  Left    Speed
  4 10.9M    4  475k    0     0  43385      0  0:04:24  0:00:11  0:04:13 57671
1.93.105.236@meshbox:~# reporter
br0       Link encap:Ethernet  HWaddr 00:04:E2:81:A5:F0  
          inet addr:1.93.105.236  Bcast:1.255.255.255  Mask:255.0.0.0
wlan0     IEEE 802.11b  ESSID:"TFA-Wireless_test"  Nickname:"1.93.105.236"
          Mode:Master  Frequency:2.412GHz  Access Point: 00:04:E2:81:A5:F0  
          Bit Rate:11Mb/s   Tx-Power=24 dBm   Sensitivity=1/3  
          Retry min limit:8   RTS thr=250 B   Fragment thr:off
          Encryption key:off
          Power Management:off
          Link Quality:0  Signal level:0  Noise level:0
          Rx invalid nwid:0  Rx invalid crypt:2  Rx invalid frag:0
          Tx excessive retries:1541  Invalid misc:13374   Missed beacon:0

Connected to the network
          inet addr:172.16.129.2  P-t-P:172.16.129.1  Mask:255.255.255.255
0.0.0.0         172.16.129.1    0.0.0.0         UG    0      0        0 tun1
==>       2  DHCP clients
Mesh nodes detected

1.70.18.140 1.70.18.140 1 117 (100% @ 0)
1.188.212.31 1.188.212.31 1 117 (100% @ 0)
1.248.64.31 1.188.212.31 2 255
1.241.56.218 1.188.212.31 3 255
1.93.105.236@meshbox:~# leechtest
  % Total    % Received % Xferd  Average Speed          Time             Curr.
                                 Dload  Upload Total    Current  Left    Speed
  5 10.9M    5  561k    0     0  90339      0  0:02:07  0:00:06  0:02:00 89582
1.93.105.236@meshbox:~# ssh 1.70.18.140
root@1.70.18.140's password: 
Last login: Sat Oct  1 11:29:57 2005 from 1.93.105.236
LocustWorld Mesh: v10 b25.1303 Linux 2.4.20.
1.70.18.140@meshbox:~# leechtest
  % Total    % Received % Xferd  Average Speed          Time             Curr.
                                 Dload  Upload Total    Current  Left    Speed
  1 10.9M    1  223k    0     0  76602      0  0:02:29  0:00:02  0:02:26 82712
                                                                               
Broadcast Message from root@meshbox                                            
        (somewhere) at 11:41 ...                                               
                                                                               
Attempting to connect gateway 1.241.56.218                                     

                                                                               

1.70.18.140@meshbox:~# reporter
br0       Link encap:Ethernet  HWaddr 00:04:E2:81:A5:EF  
          inet addr:1.70.18.140  Bcast:1.255.255.255  Mask:255.0.0.0
wlan0     IEEE 802.11b  ESSID:"TFA-Wireless_test"  Nickname:"1.70.18.140"
          Mode:Master  Frequency:2.412GHz  Access Point: 00:04:E2:81:A5:EF  
          Bit Rate:11Mb/s   Tx-Power=24 dBm   Sensitivity=1/3  
          Retry min limit:8   RTS thr=250 B   Fragment thr:off
          Encryption key:off
          Power Management:off
          Link Quality:0  Signal level:0  Noise level:0
          Rx invalid nwid:0  Rx invalid crypt:0  Rx invalid frag:0
          Tx excessive retries:897  Invalid misc:1786   Missed beacon:0

Connected to the network
          inet addr:172.16.245.2  P-t-P:172.16.245.1  Mask:255.255.255.255
0.0.0.0         172.16.245.1    0.0.0.0         UG    0      0        0 tun0
==>       1  DHCP clients
Mesh nodes detected

1.93.105.236 1.93.105.236 1 117 (100% @ 0)
1.241.56.218 1.93.105.236 4 255
1.188.212.31 1.93.105.236 2 255
                                                                               
Broadcast Message from root@meshbox                                            
        (somewhere) at 11:42 ...                                               
                                                                               
New gateway found at 172.16.233.1                                              

                                                                               
                                                                               
Broadcast Message from root@meshbox                                            
        (somewhere) at 11:42 ...                                               
                                                                               
Attempting to connect gateway 1.241.56.218                                     

                                                                               
                                                                               
Broadcast Message from root@meshbox                                            
        (somewhere) at 11:42 ...                                               
                                                                               
New gateway found at 172.16.129.1                                              

                                                                               

1.70.18.140@meshbox:~# reporter
br0       Link encap:Ethernet  HWaddr 00:04:E2:81:A5:EF  
          inet addr:1.70.18.140  Bcast:1.255.255.255  Mask:255.0.0.0
wlan0     IEEE 802.11b  ESSID:"TFA-Wireless_test"  Nickname:"1.70.18.140"
          Mode:Master  Frequency:2.412GHz  Access Point: 00:04:E2:81:A5:EF  
          Bit Rate:11Mb/s   Tx-Power=24 dBm   Sensitivity=1/3  
          Retry min limit:8   RTS thr=250 B   Fragment thr:off
          Encryption key:off
          Power Management:off
          Link Quality:0  Signal level:0  Noise level:0
          Rx invalid nwid:0  Rx invalid crypt:0  Rx invalid frag:0
          Tx excessive retries:897  Invalid misc:1845   Missed beacon:0

Connected to the network
          inet addr:172.16.245.2  P-t-P:172.16.245.1  Mask:255.255.255.255
0.0.0.0         172.16.245.1    0.0.0.0         UG    0      0        0 tun0
==>       1  DHCP clients
Mesh nodes detected

1.93.105.236 1.93.105.236 1 116 (100% @ 0)
1.241.56.218 1.93.105.236 4 255
1.188.212.31 1.93.105.236 2 255
1.70.18.140@meshbox:~# reporter
br0       Link encap:Ethernet  HWaddr 00:04:E2:81:A5:EF  
          inet addr:1.70.18.140  Bcast:1.255.255.255  Mask:255.0.0.0
wlan0     IEEE 802.11b  ESSID:"TFA-Wireless_test"  Nickname:"1.70.18.140"
          Mode:Master  Frequency:2.412GHz  Access Point: 00:04:E2:81:A5:EF  
          Bit Rate:11Mb/s   Tx-Power=24 dBm   Sensitivity=1/3  
          Retry min limit:8   RTS thr=250 B   Fragment thr:off
          Encryption key:off
          Power Management:off
          Link Quality:0  Signal level:0  Noise level:0
          Rx invalid nwid:0  Rx invalid crypt:0  Rx invalid frag:0
          Tx excessive retries:897  Invalid misc:1845   Missed beacon:0

Connected to the network
          inet addr:172.16.245.2  P-t-P:172.16.245.1  Mask:255.255.255.255
0.0.0.0         172.16.245.1    0.0.0.0         UG    0      0        0 tun0
==>       1  DHCP clients
Mesh nodes detected

1.93.105.236 1.93.105.236 1 116 (100% @ 0)
1.241.56.218 1.93.105.236 4 255
1.188.212.31 1.93.105.236 2 255
1.70.18.140@meshbox:~# reporter
br0       Link encap:Ethernet  HWaddr 00:04:E2:81:A5:EF  
          inet addr:1.70.18.140  Bcast:1.255.255.255  Mask:255.0.0.0
wlan0     IEEE 802.11b  ESSID:"TFA-Wireless_test"  Nickname:"1.70.18.140"
          Mode:Master  Frequency:2.412GHz  Access Point: 00:04:E2:81:A5:EF  
          Bit Rate:11Mb/s   Tx-Power=24 dBm   Sensitivity=1/3  
          Retry min limit:8   RTS thr=250 B   Fragment thr:off
          Encryption key:off
          Power Management:off
          Link Quality:0  Signal level:0  Noise level:0
          Rx invalid nwid:0  Rx invalid crypt:0  Rx invalid frag:0
          Tx excessive retries:897  Invalid misc:1845   Missed beacon:0

Connected to the network
          inet addr:172.16.245.2  P-t-P:172.16.245.1  Mask:255.255.255.255
0.0.0.0         172.16.245.1    0.0.0.0         UG    0      0        0 tun0
==>       1  DHCP clients
Mesh nodes detected

1.93.105.236 1.93.105.236 1 116 (100% @ 0)
1.241.56.218 1.93.105.236 4 255
1.188.212.31 1.93.105.236 2 255
1.70.18.140@meshbox:~# reporter
br0       Link encap:Ethernet  HWaddr 00:04:E2:81:A5:EF  
          inet addr:1.70.18.140  Bcast:1.255.255.255  Mask:255.0.0.0
wlan0     IEEE 802.11b  ESSID:"TFA-Wireless_test"  Nickname:"1.70.18.140"
          Mode:Master  Frequency:2.412GHz  Access Point: 00:04:E2:81:A5:EF  
          Bit Rate:11Mb/s   Tx-Power=24 dBm   Sensitivity=1/3  
          Retry min limit:8   RTS thr=250 B   Fragment thr:off
          Encryption key:off
          Power Management:off
          Link Quality:0  Signal level:0  Noise level:0
          Rx invalid nwid:0  Rx invalid crypt:0  Rx invalid frag:0
          Tx excessive retries:897  Invalid misc:1855   Missed beacon:0

Connected to the network
          inet addr:172.16.245.2  P-t-P:172.16.245.1  Mask:255.255.255.255
0.0.0.0         172.16.245.1    0.0.0.0         UG    0      0        0 tun0
==>       1  DHCP clients
Mesh nodes detected

1.93.105.236 1.93.105.236 1 117 (100% @ 0)
1.241.56.218 1.93.105.236 4 255
1.188.212.31 1.93.105.236 2 255
1.70.18.140@meshbox:~# reporter
br0       Link encap:Ethernet  HWaddr 00:04:E2:81:A5:EF  
          inet addr:1.70.18.140  Bcast:1.255.255.255  Mask:255.0.0.0
wlan0     IEEE 802.11b  ESSID:"TFA-Wireless_test"  Nickname:"1.70.18.140"
          Mode:Master  Frequency:2.412GHz  Access Point: 00:04:E2:81:A5:EF  
          Bit Rate:11Mb/s   Tx-Power=24 dBm   Sensitivity=1/3  
          Retry min limit:8   RTS thr=250 B   Fragment thr:off
          Encryption key:off
          Power Management:off
          Link Quality:0  Signal level:0  Noise level:0
          Rx invalid nwid:0  Rx invalid crypt:0  Rx invalid frag:0
          Tx excessive retries:897  Invalid misc:1855   Missed beacon:0

Connected to the network
          inet addr:172.16.245.2  P-t-P:172.16.245.1  Mask:255.255.255.255
0.0.0.0         172.16.245.1    0.0.0.0         UG    0      0        0 tun0
==>       1  DHCP clients
Mesh nodes detected

1.93.105.236 1.93.105.236 1 117 (100% @ 0)
1.241.56.218 1.93.105.236 4 255
1.188.212.31 1.93.105.236 2 255
1.70.18.140@meshbox:~# reporter
br0       Link encap:Ethernet  HWaddr 00:04:E2:81:A5:EF  
          inet addr:1.70.18.140  Bcast:1.255.255.255  Mask:255.0.0.0
wlan0     IEEE 802.11b  ESSID:"TFA-Wireless_test"  Nickname:"1.70.18.140"
          Mode:Master  Frequency:2.412GHz  Access Point: 00:04:E2:81:A5:EF  
          Bit Rate:11Mb/s   Tx-Power=24 dBm   Sensitivity=1/3  
          Retry min limit:8   RTS thr=250 B   Fragment thr:off
          Encryption key:off
          Power Management:off
          Link Quality:0  Signal level:0  Noise level:0
          Rx invalid nwid:0  Rx invalid crypt:0  Rx invalid frag:0
          Tx excessive retries:897  Invalid misc:1892   Missed beacon:0

Connected to the network
          inet addr:172.16.245.2  P-t-P:172.16.245.1  Mask:255.255.255.255
0.0.0.0         172.16.245.1    0.0.0.0         UG    0      0        0 tun0
==>       1  DHCP clients
Mesh nodes detected

1.93.105.236 1.93.105.236 1 116 (100% @ 0)
1.241.56.218 1.93.105.236 4 255
1.188.212.31 1.93.105.236 2 255
1.70.18.140@meshbox:~# reporter
br0       Link encap:Ethernet  HWaddr 00:04:E2:81:A5:EF  
          inet addr:1.70.18.140  Bcast:1.255.255.255  Mask:255.0.0.0
wlan0     IEEE 802.11b  ESSID:"TFA-Wireless_test"  Nickname:"1.70.18.140"
          Mode:Master  Frequency:2.412GHz  Access Point: 00:04:E2:81:A5:EF  
          Bit Rate:11Mb/s   Tx-Power=24 dBm   Sensitivity=1/3  
          Retry min limit:8   RTS thr=250 B   Fragment thr:off
          Encryption key:off
          Power Management:off
          Link Quality:0  Signal level:0  Noise level:0
          Rx invalid nwid:0  Rx invalid crypt:0  Rx invalid frag:0
          Tx excessive retries:898  Invalid misc:1947   Missed beacon:0

Connected to the network
          inet addr:172.16.245.2  P-t-P:172.16.245.1  Mask:255.255.255.255
0.0.0.0         172.16.245.1    0.0.0.0         UG    0      0        0 tun0
==>       1  DHCP clients
Mesh nodes detected

1.93.105.236 1.93.105.236 1 117 (100% @ 0)
1.241.56.218 1.93.105.236 4 255
1.188.212.31 1.93.105.236 2 255
                                                                               
Broadcast Message from root@meshbox                                            
        (somewhere) at 11:50 ...                                               
                                                                               
New gateway found at 172.16.233.1                                              

                                                                               
                                                                               
Broadcast Message from root@meshbox                                            
        (somewhere) at 11:50 ...                                               
                                                                               
Attempting to connect gateway 1.241.56.218                                     

                                                                               
                                                                               
Broadcast Message from root@meshbox                                            
        (somewhere) at 11:50 ...                                               
                                                                               
New gateway found at 172.16.233.1                                              

                                                                               

1.70.18.140@meshbox:~# reporter
br0       Link encap:Ethernet  HWaddr 00:04:E2:81:A5:EF  
          inet addr:1.70.18.140  Bcast:1.255.255.255  Mask:255.0.0.0
wlan0     IEEE 802.11b  ESSID:"TFA-Wireless_test"  Nickname:"1.70.18.140"
          Mode:Master  Frequency:2.412GHz  Access Point: 00:04:E2:81:A5:EF  
          Bit Rate:11Mb/s   Tx-Power=24 dBm   Sensitivity=1/3  
          Retry min limit:8   RTS thr=250 B   Fragment thr:off
          Encryption key:off
          Power Management:off
          Link Quality:0  Signal level:0  Noise level:0
          Rx invalid nwid:0  Rx invalid crypt:0  Rx invalid frag:0
          Tx excessive retries:902  Invalid misc:2474   Missed beacon:0

Connected to the network
          inet addr:172.16.245.2  P-t-P:172.16.245.1  Mask:255.255.255.255
0.0.0.0         172.16.245.1    0.0.0.0         UG    0      0        0 tun0
==>       1  DHCP clients
Mesh nodes detected

1.93.105.236 1.93.105.236 1 116 (100% @ 0)
1.241.56.218 1.93.105.236 4 255
1.188.212.31 1.93.105.236 2 255
                                                                               
Broadcast Message from root@meshbox                                            
        (somewhere) at 12:00 ...                                               
                                                                               
ERROR: Restarted splash                                                        

                                                                               
                                                                               
Broadcast Message from root@meshbox                                            
        (somewhere) at 12:01 ...                                               
                                                                               
Attempting to connect gateway 1.241.56.218                                     

                                                                               
                                                                               
Broadcast Message from root@meshbox                                            
        (somewhere) at 12:01 ...                                               
                                                                               
New gateway found at 172.16.233.1                                              

                                                                               

                                                                               
Broadcast Message from root@meshbox                                            
        (somewhere) at 12:03 ...                                               
                                                                               
Attempting to connect gateway 1.241.56.218                                     

                                                                               
                                                                               
Broadcast Message from root@meshbox                                            
        (somewhere) at 12:03 ...                                               
                                                                               
New gateway found at 172.16.233.1                                              

                                                                               

1.70.18.140@meshbox:~# exit
logout
Connection to 1.70.18.140 closed.
1.93.105.236@meshbox:~# exit
logout
Connection to 1.93.105.236 closed.
Killed by signal 15.
Terminated
1.248.64.31@meshbox:~# reporter
br0       Link encap:Ethernet  HWaddr 00:04:E2:81:A8:BB  
          inet addr:1.248.64.31  Bcast:1.255.255.255  Mask:255.0.0.0
wlan0     IEEE 802.11b  ESSID:"TFA-Wireless_test"  Nickname:"1.248.64.31"
          Mode:Master  Frequency:2.412GHz  Access Point: 00:04:E2:81:A8:BB  
          Bit Rate:11Mb/s   Tx-Power=24 dBm   Sensitivity=1/3  
          Retry min limit:8   RTS thr=250 B   Fragment thr=65534 B   
          Encryption key:off
          Power Management:off
          Link Quality:0  Signal level:0  Noise level:0
          Rx invalid nwid:0  Rx invalid crypt:0  Rx invalid frag:0
          Tx excessive retries:4680  Invalid misc:43252   Missed beacon:0

Connected to the network
          inet addr:172.16.232.2  P-t-P:172.16.232.1  Mask:255.255.255.255
0.0.0.0         172.16.232.1    0.0.0.0         UG    0      0        0 tun0
==>       1  DHCP clients
Mesh nodes detected

1.188.212.31 1.188.212.31 1 115 (100% @ 0)
1.241.56.218 1.241.56.218 1 106 (100% @ 0)
1.93.105.236 1.188.212.31 2 255
1.70.18.140 1.188.212.31 3 255
1.248.64.31@meshbox:~# reporter
br0       Link encap:Ethernet  HWaddr 00:04:E2:81:A8:BB  
          inet addr:1.248.64.31  Bcast:1.255.255.255  Mask:255.0.0.0
wlan0     IEEE 802.11b  ESSID:"TFA-Wireless_test"  Nickname:"1.248.64.31"
          Mode:Master  Frequency:2.412GHz  Access Point: 00:04:E2:81:A8:BB  
          Bit Rate:11Mb/s   Tx-Power=24 dBm   Sensitivity=1/3  
          Retry min limit:8   RTS thr=250 B   Fragment thr=65534 B   
          Encryption key:off
          Power Management:off
          Link Quality:0  Signal level:0  Noise level:0
          Rx invalid nwid:0  Rx invalid crypt:0  Rx invalid frag:0
          Tx excessive retries:5325  Invalid misc:43899   Missed beacon:0

Connected to the network
          inet addr:172.16.232.2  P-t-P:172.16.232.1  Mask:255.255.255.255
0.0.0.0         172.16.232.1    0.0.0.0         UG    0      0        0 tun0
==>       1  DHCP clients
Mesh nodes detected

1.188.212.31 1.188.212.31 1 112 (100% @ 0)
1.241.56.218 1.241.56.218 1 113 (100% @ 0)
1.93.105.236 1.188.212.31 2 255
1.248.64.31@meshbox:~# ssh 1.188.212.31
root@1.188.212.31's password: 
Last login: Sat Oct  1 12:16:24 2005 from 1.248.64.31
LocustWorld Mesh: v10 b25.1303 Linux 2.4.20.
1.188.212.31@meshbox:~# reporte
bash: reporte: command not found
1.188.212.31@meshbox:~# reporter
br0       Link encap:Ethernet  HWaddr 00:04:E2:81:A5:E2  
          inet addr:1.188.212.31  Bcast:1.255.255.255  Mask:255.0.0.0
wlan0     IEEE 802.11b  ESSID:"TFA-Wireless_test"  Nickname:"1.188.212.31"
          Mode:Master  Frequency:2.412GHz  Access Point: 00:04:E2:81:A5:E2  
          Bit Rate:11Mb/s   Tx-Power=24 dBm   Sensitivity=1/3  
          Retry min limit:8   RTS thr=250 B   Fragment thr:off
          Encryption key:off
          Power Management:off
          Link Quality:0  Signal level:0  Noise level:0
          Rx invalid nwid:0  Rx invalid crypt:0  Rx invalid frag:0
          Tx excessive retries:145  Invalid misc:698   Missed beacon:0

Searching for a gateway to use...


10.161.148.172 1.248.64.31 1 115 (100% @ 0)
1.93.105.236 1.93.105.236 1 119 (100% @ 0)
1.248.64.31 1.248.64.31 1 116 (100% @ 0)
1.241.56.218 1.248.64.31 2 255
1.70.18.140 1.93.105.236 2 255
1.188.212.31@meshbox:~# ssh 1.93.105.236
root@1.93.105.236's password: 
LocustWorld Mesh: v10 b25.1303 Linux 2.4.20.
1.93.105.236@meshbox:~# reporter
br0       Link encap:Ethernet  HWaddr 00:04:E2:81:A5:F0  
          inet addr:1.93.105.236  Bcast:1.255.255.255  Mask:255.0.0.0
wlan0     IEEE 802.11b  ESSID:"TFA-Wireless_test"  Nickname:"1.93.105.236"
          Mode:Master  Frequency:2.412GHz  Access Point: 00:04:E2:81:A5:F0  
          Bit Rate:11Mb/s   Tx-Power=24 dBm   Sensitivity=1/3  
          Retry min limit:8   RTS thr=250 B   Fragment thr:off
          Encryption key:off
          Power Management:off
          Link Quality:0  Signal level:0  Noise level:0
          Rx invalid nwid:0  Rx invalid crypt:0  Rx invalid frag:0
          Tx excessive retries:414  Invalid misc:1918   Missed beacon:0

Searching for a gateway to use...


1.188.212.31 1.188.212.31 1 118 (100% @ 0)
10.161.148.172 1.248.64.31 1 101 (0% @ 40)
1.248.64.31 1.248.64.31 1 101 (0% @ 50)
1.70.18.140 1.70.18.140 1 116 (100% @ 0)
1.241.56.218 1.248.64.31 2 255
                                                                               
Broadcast Message from root@meshbox                                            
        (somewhere) at 12:17 ...                                               
                                                                               
New gateway found at 172.16.233.1                                              

                                                                               
248.64.31
1.93.105.236@meshbox:~# reporter
br0       Link encap:Ethernet  HWaddr 00:04:E2:81:A5:F0  
          inet addr:1.93.105.236  Bcast:1.255.255.255  Mask:255.0.0.0
wlan0     IEEE 802.11b  ESSID:"TFA-Wireless_test"  Nickname:"1.93.105.236"
          Mode:Master  Frequency:2.412GHz  Access Point: 00:04:E2:81:A5:F0  
          Bit Rate:11Mb/s   Tx-Power=24 dBm   Sensitivity=1/3  
          Retry min limit:8   RTS thr=250 B   Fragment thr:off
          Encryption key:off
          Power Management:off
          Link Quality:0  Signal level:0  Noise level:0
          Rx invalid nwid:0  Rx invalid crypt:0  Rx invalid frag:0
          Tx excessive retries:414  Invalid misc:1918   Missed beacon:0

Searching for a gateway to use...


1.188.212.31 1.188.212.31 1 119 (100% @ 0)
10.161.148.172 1.248.64.31 1 102 (0% @ 40)
1.248.64.31 1.248.64.31 1 103 (0% @ 120)
1.70.18.140 1.70.18.140 1 116 (100% @ 0)
1.241.56.218 1.248.64.31 2 255
1.93.105.236@meshbox:~# watch reporter
                                                                               
Broadcast Message from root@meshbox                                            
        (somewhere) at 12:18 ...                                               
                                                                               
New gateway found at 172.16.129.1                                              

                                                                               
watch reporter
1.93.105.236@meshbox:~# leechtest

1.93.105.236@meshbox:~# reporter
br0       Link encap:Ethernet  HWaddr 00:04:E2:81:A5:F0  
          inet addr:1.93.105.236  Bcast:1.255.255.255  Mask:255.0.0.0
wlan0     IEEE 802.11b  ESSID:"TFA-Wireless_test"  Nickname:"1.93.105.236"
          Mode:Master  Frequency:2.412GHz  Access Point: 00:04:E2:81:A5:F0  
          Bit Rate:11Mb/s   Tx-Power=24 dBm   Sensitivity=1/3  
          Retry min limit:8   RTS thr=250 B   Fragment thr:off
          Encryption key:off
          Power Management:off
          Link Quality:0  Signal level:0  Noise level:0
          Rx invalid nwid:0  Rx invalid crypt:0  Rx invalid frag:0
          Tx excessive retries:478  Invalid misc:2462   Missed beacon:0

Connected to the network
          inet addr:172.16.129.2  P-t-P:172.16.129.1  Mask:255.255.255.255
0.0.0.0         172.16.129.1    0.0.0.0         UG    0      0        0 tun0
==>       0  DHCP clients
Mesh nodes detected

1.188.212.31 1.188.212.31 1 119 (100% @ 0)
1.70.18.140 1.70.18.140 1 117 (100% @ 0)
1.241.56.218 1.188.212.31 3 255
1.93.105.236@meshbox:~# ssh 1.70.18.140
root@1.70.18.140's password: 
Last login: Sat Oct  1 12:13:51 2005 from 192.168.245.209
LocustWorld Mesh: v10 b25.1303 Linux 2.4.20.
1.70.18.140@meshbox:~# reporter
br0       Link encap:Ethernet  HWaddr 00:04:E2:81:A5:EF  
          inet addr:1.70.18.140  Bcast:1.255.255.255  Mask:255.0.0.0
wlan0     IEEE 802.11b  ESSID:"TFA-Wireless_test"  Nickname:"1.70.18.140"
          Mode:Master  Frequency:2.412GHz  Access Point: 00:04:E2:81:A5:EF  
          Bit Rate:11Mb/s   Tx-Power=24 dBm   Sensitivity=1/3  
          Retry min limit:8   RTS thr=250 B   Fragment thr:off
          Encryption key:off
          Power Management:off
          Link Quality:0  Signal level:0  Noise level:0
          Rx invalid nwid:0  Rx invalid crypt:0  Rx invalid frag:0
          Tx excessive retries:1077  Invalid misc:5246   Missed beacon:0

Connected to the network
          inet addr:172.16.245.2  P-t-P:172.16.245.1  Mask:255.255.255.255
0.0.0.0         172.16.245.1    0.0.0.0         UG    0      0        0 tun1
==>       2  DHCP clients
Mesh nodes detected

1.93.105.236 1.93.105.236 1 116 (100% @ 0)
1.241.56.218 1.93.105.236 4 255
1.188.212.31 1.93.105.236 2 255
1.70.18.140@meshbox:~# leechtest
  % Total    % Received % Xferd  Average Speed          Time             Curr.
                                 Dload  Upload Total    Current  Left    Speed
  0 10.9M    0 83006    0     0  86105      0  0:02:13  0:00:00  0:02:12  109k
1.70.18.140@meshbox:~# exit
logout
Connection to 1.70.18.140 closed.
1.93.105.236@meshbox:~# reporter
br0       Link encap:Ethernet  HWaddr 00:04:E2:81:A5:F0  
          inet addr:1.93.105.236  Bcast:1.255.255.255  Mask:255.0.0.0
wlan0     IEEE 802.11b  ESSID:"TFA-Wireless_test"  Nickname:"1.93.105.236"
          Mode:Master  Frequency:2.412GHz  Access Point: 00:04:E2:81:A5:F0  
          Bit Rate:11Mb/s   Tx-Power=24 dBm   Sensitivity=1/3  
          Retry min limit:8   RTS thr=250 B   Fragment thr:off
          Encryption key:off
          Power Management:off
          Link Quality:0  Signal level:0  Noise level:0
          Rx invalid nwid:0  Rx invalid crypt:0  Rx invalid frag:0
          Tx excessive retries:491  Invalid misc:2582   Missed beacon:0

Connected to the network
          inet addr:172.16.129.2  P-t-P:172.16.129.1  Mask:255.255.255.255
0.0.0.0         172.16.129.1    0.0.0.0         UG    0      0        0 tun0
==>       0  DHCP clients
Mesh nodes detected

1.188.212.31 1.188.212.31 1 119 (100% @ 0)
1.70.18.140 1.70.18.140 1 116 (100% @ 0)
1.241.56.218 1.188.212.31 3 255
1.93.105.236@meshbox:~# leechtest
  % Total    % Received % Xferd  Average Speed          Time             Curr.
                                 Dload  Upload Total    Current  Left    Speed
  0 10.9M    0 97067    0     0   108k      0  0:01:42  0:00:00  0:01:42  136k
1.93.105.236@meshbox:~# exit
logout
Connection to 1.93.105.236 closed.
1.188.212.31@meshbox:~# reporter
br0       Link encap:Ethernet  HWaddr 00:04:E2:81:A5:E2  
          inet addr:1.188.212.31  Bcast:1.255.255.255  Mask:255.0.0.0
wlan0     IEEE 802.11b  ESSID:"TFA-Wireless_test"  Nickname:"1.188.212.31"
          Mode:Master  Frequency:2.412GHz  Access Point: 00:04:E2:81:A5:E2  
          Bit Rate:11Mb/s   Tx-Power=24 dBm   Sensitivity=1/3  
          Retry min limit:8   RTS thr=250 B   Fragment thr:off
          Encryption key:off
          Power Management:off
          Link Quality:0  Signal level:0  Noise level:0
          Rx invalid nwid:0  Rx invalid crypt:0  Rx invalid frag:0
          Tx excessive retries:324  Invalid misc:1540   Missed beacon:0

Connected to the network
          inet addr:172.16.233.2  P-t-P:172.16.233.1  Mask:255.255.255.255
0.0.0.0         172.16.233.1    0.0.0.0         UG    0      0        0 tun0
==>       0  DHCP clients
Mesh nodes detected

10.161.148.172 1.248.64.31 1 110 (100% @ 0)
1.93.105.236 1.93.105.236 1 119 (100% @ 0)
1.248.64.31 1.248.64.31 1 116 (100% @ 0)
1.241.56.218 1.248.64.31 2 255
1.70.18.140 1.93.105.236 2 255
1.188.212.31@meshbox:~# leechtest
  % Total    % Received % Xferd  Average Speed          Time             Curr.
                                 Dload  Upload Total    Current  Left    Speed
  2 10.9M    2  238k    0     0   105k      0  0:01:45  0:00:02  0:01:43  114k
1.188.212.31@meshbox:~# reporter
br0       Link encap:Ethernet  HWaddr 00:04:E2:81:A5:E2  
          inet addr:1.188.212.31  Bcast:1.255.255.255  Mask:255.0.0.0
wlan0     IEEE 802.11b  ESSID:"TFA-Wireless_test"  Nickname:"1.188.212.31"
          Mode:Master  Frequency:2.412GHz  Access Point: 00:04:E2:81:A5:E2  
          Bit Rate:11Mb/s   Tx-Power=24 dBm   Sensitivity=1/3  
          Retry min limit:8   RTS thr=250 B   Fragment thr:off
          Encryption key:off
          Power Management:off
          Link Quality:0  Signal level:0  Noise level:0
          Rx invalid nwid:0  Rx invalid crypt:0  Rx invalid frag:0
          Tx excessive retries:324  Invalid misc:1540   Missed beacon:0

Connected to the network
          inet addr:172.16.233.2  P-t-P:172.16.233.1  Mask:255.255.255.255
0.0.0.0         172.16.233.1    0.0.0.0         UG    0      0        0 tun0
==>       0  DHCP clients
Mesh nodes detected

10.161.148.172 1.248.64.31 1 117 (100% @ 0)
1.93.105.236 1.93.105.236 1 117 (100% @ 0)
1.248.64.31 1.248.64.31 1 117 (100% @ 0)
1.241.56.218 1.248.64.31 2 255
1.70.18.140 1.93.105.236 2 255
1.188.212.31@meshbox:~# exit
logout
Connection to 1.188.212.31 closed.
1.248.64.31@meshbox:~# ssh 1.188.212.31
root@1.188.212.31's password: 
Last login: Sat Oct  1 12:17:13 2005 from 1.248.64.31
LocustWorld Mesh: v10 b25.1303 Linux 2.4.20.
1.188.212.31@meshbox:~# ssh 1.93.105.236
root@1.93.105.236's password: 
Last login: Sat Oct  1 12:17:28 2005 from 1.188.212.31
LocustWorld Mesh: v10 b25.1303 Linux 2.4.20.
1.93.105.236@meshbox:~# exit
logout
Connection to 1.93.105.236 closed.
1.188.212.31@meshbox:~# exit
logout
Connection to 1.188.212.31 closed.
1.248.64.31@meshbox:~# reporter
br0       Link encap:Ethernet  HWaddr 00:04:E2:81:A8:BB  
          inet addr:1.248.64.31  Bcast:1.255.255.255  Mask:255.0.0.0
wlan0     IEEE 802.11b  ESSID:"TFA-Wireless_test"  Nickname:"1.248.64.31"
          Mode:Master  Frequency:2.412GHz  Access Point: 00:04:E2:81:A8:BB  
          Bit Rate:11Mb/s   Tx-Power=24 dBm   Sensitivity=1/3  
          Retry min limit:8   RTS thr=250 B   Fragment thr=65534 B   
          Encryption key:off
          Power Management:off
          Link Quality:0  Signal level:0  Noise level:0
          Rx invalid nwid:0  Rx invalid crypt:0  Rx invalid frag:0
          Tx excessive retries:10832  Invalid misc:139539   Missed beacon:0

Connected to the network
          inet addr:172.16.232.2  P-t-P:172.16.232.1  Mask:255.255.255.255
0.0.0.0         172.16.232.1    0.0.0.0         UG    0      0        0 tun0
==>       1  DHCP clients
Mesh nodes detected

1.188.212.31 1.188.212.31 1 115 (100% @ 0)
1.241.56.218 1.241.56.218 1 107 (100% @ 0)
1.70.18.140 1.188.212.31 3 255
1.248.64.31@meshbox:~# ssh 1.241.56.218
root@1.241.56.218's password: 
LocustWorld Mesh: v10 b25.1303 Linux 2.4.20.
1.241.56.218@meshbox:~# cd finalTest/ 
1.241.56.218@meshbox:~/finalTest# ls
concurrentFlow_gateway_tcp_rtsOff.sh*        initTCP_singleflow.sh*
concurrentFlow_gateway_tcp_rtsOff_bidir.sh*  initUDP.sh*
concurrentFlow_gateway_tcp_rtsOn.sh*         init_httperf.sh*
concurrentFlow_gateway_tcp_rtsOn_bidir.sh*   linkCapacity_udp_rtsOff.sh*
concurrentFlow_gateway_udp_rtsOff.sh*        singleFlow_gateway_tcp_rtsOff.sh*
concurrentFlow_gateway_udp_rtsOff_bidir.sh*  singleFlow_gateway_tcp_rtsOn.sh*
concurrentFlow_gateway_udp_rtsOn.sh*         singleFlow_gateway_udp_rtsOff.sh*
concurrentFlow_gateway_udp_rtsOn_bidir.sh*   singleFlow_gateway_udp_rtsOn.sh*
ft_241_622                                   singleFlow_udp_rtsOff.sh*
initTCP_rtsOff.sh*                           singleFlow_udp_rtsOn.sh*
initTCP_rtsOn.sh*                            tests_241_625.tar.gz
1.241.56.218@meshbox:~/finalTest# ./initTCP_rtsOff.sh 
------------------------------------------------------------
Server listening on TCP port 5001
TCP window size: 85.3 KByte (default)
------------------------------------------------------------
[  6] local 1.241.56.218 port 5001 connected with 1.248.64.31 port 1316
[  7] local 1.241.56.218 port 5001 connected with 1.70.18.140 port 1603
[  8] local 1.241.56.218 port 5001 connected with 1.93.105.236 port 2524
[ ID] Interval       Transfer     Bandwidth
[  6]  0.0-20.0 sec  5.20 MBytes  2.18 Mbits/sec
[  6]  0.0-20.2 sec  5.26 MBytes  2.18 Mbits/sec
[  7]  0.0-20.0 sec   447 KBytes   183 Kbits/sec
[  7]  0.0-21.7 sec   528 KBytes   200 Kbits/sec
[  8]  0.0-20.0 sec  1.62 MBytes   681 Kbits/sec
[  8]  0.0-20.3 sec  1.65 MBytes   681 Kbits/sec
[  6] local 1.241.56.218 port 5001 connected with 1.93.105.236 port 2525
[  7] local 1.241.56.218 port 5001 connected with 1.248.64.31 port 1317
[  8] local 1.241.56.218 port 5001 connected with 1.70.18.140 port 1604
[ ID] Interval       Transfer     Bandwidth
[  7]  0.0- 9.6 sec  2.50 MBytes  2.18 Mbits/sec
[  6]  0.0-20.0 sec   676 KBytes   277 Kbits/sec
[  6]  0.0-20.3 sec   688 KBytes   278 Kbits/sec
[  8]  0.0-20.0 sec  1.19 MBytes   499 Kbits/sec
[  8]  0.0-20.4 sec  1.22 MBytes   502 Kbits/sec
[  6] local 1.241.56.218 port 5001 connected with 1.248.64.31 port 1319
[  7] local 1.241.56.218 port 5001 connected with 1.93.105.236 port 2527
[  8] local 1.241.56.218 port 5001 connected with 1.70.18.140 port 1606
[ ID] Interval       Transfer     Bandwidth
[  6]  0.0-20.0 sec  4.03 MBytes  1.69 Mbits/sec
[  6]  0.0-20.3 sec  4.08 MBytes  1.69 Mbits/sec
[  7]  0.0-20.0 sec   360 KBytes   147 Kbits/sec
[  7]  0.0-20.2 sec   376 KBytes   153 Kbits/sec
[  8]  0.0-20.0 sec   427 KBytes   175 Kbits/sec
[  8]  0.0-20.1 sec   432 KBytes   176 Kbits/sec
[  6] local 1.241.56.218 port 5001 connected with 1.248.64.31 port 1320
[ ID] Interval       Transfer     Bandwidth
[  6]  0.0-16.8 sec  7.64 MBytes  3.82 Mbits/sec
[  6] local 1.241.56.218 port 5001 connected with 1.248.64.31 port 1321
[  7] local 1.241.56.218 port 5001 connected with 1.70.18.140 port 1607
[  8] local 1.241.56.218 port 5001 connected with 1.188.212.31 port 2955
[ ID] Interval       Transfer     Bandwidth
[  6]  0.0-20.0 sec  7.55 MBytes  3.17 Mbits/sec
[  6]  0.0-20.1 sec  7.59 MBytes  3.16 Mbits/sec
[  6] local 1.241.56.218 port 5001 connected with 1.93.105.236 port 2528
[ ID] Interval       Transfer     Bandwidth
[  7]  0.0-20.0 sec   114 KBytes  46.7 Kbits/sec
[  8]  0.0-20.0 sec  1.68 MBytes   703 Kbits/sec
[  8]  0.0-20.7 sec  1.76 MBytes   712 Kbits/sec
[  7]  0.0-21.5 sec   128 KBytes  48.7 Kbits/sec
[  6]  0.0-20.0 sec  1.58 MBytes   663 Kbits/sec
[  6]  0.0-20.2 sec  1.61 MBytes   667 Kbits/sec
[  6] local 1.241.56.218 port 5001 connected with 1.188.212.31 port 2956
[  7] local 1.241.56.218 port 5001 connected with 1.248.64.31 port 1322
[ ID] Interval       Transfer     Bandwidth
[  6]  0.0-20.0 sec   478 KBytes   196 Kbits/sec
[  7]  0.0-20.0 sec  5.97 MBytes  2.51 Mbits/sec
[  7]  0.0-20.3 sec  6.05 MBytes  2.50 Mbits/sec
[  6]  0.0-21.7 sec   512 KBytes   193 Kbits/sec
[  6] local 1.241.56.218 port 5001 connected with 1.70.18.140 port 1608
[  7] local 1.241.56.218 port 5001 connected with 1.188.212.31 port 2957
[  8] local 1.241.56.218 port 5001 connected with 1.93.105.236 port 2529
[  9] local 1.241.56.218 port 5001 connected with 1.248.64.31 port 1323
[ ID] Interval       Transfer     Bandwidth
[  6]  0.0-20.0 sec   110 KBytes  45.0 Kbits/sec
[  7]  0.0-20.0 sec   477 KBytes   195 Kbits/sec
[  8]  0.0-20.0 sec  44.0 KBytes  18.0 Kbits/sec
[  7]  0.0-22.0 sec   504 KBytes   187 Kbits/sec
[  9]  0.0-20.0 sec  8.03 MBytes  3.37 Mbits/sec
[  9]  0.0-20.2 sec  8.12 MBytes  3.37 Mbits/sec
[  8]  0.0-22.1 sec  56.0 KBytes  20.8 Kbits/sec
[  6]  0.0-24.3 sec   128 KBytes  43.1 Kbits/sec
[  6] local 1.241.56.218 port 5001 connected with 1.93.105.236 port 2530
[  7] local 1.241.56.218 port 5001 connected with 1.70.18.140 port 1612
[  8] local 1.241.56.218 port 5001 connected with 1.188.212.31 port 2958
[  9] local 1.241.56.218 port 5001 connected with 1.248.64.31 port 1324
[ ID] Interval       Transfer     Bandwidth
[  6]  0.0-20.0 sec   418 KBytes   171 Kbits/sec
[  7]  0.0-20.0 sec  59.3 KBytes  24.3 Kbits/sec
[  8]  0.0-20.0 sec   939 KBytes   385 Kbits/sec
[  7]  0.0-23.5 sec  72.0 KBytes  25.1 Kbits/sec
[  9]  0.0-20.0 sec  6.00 MBytes  2.52 Mbits/sec
[  9]  0.0-20.0 sec  6.00 MBytes  2.52 Mbits/sec
[  8]  0.0-22.5 sec  1.01 MBytes   376 Kbits/sec
[  6]  0.0-26.5 sec   488 KBytes   151 Kbits/sec
1.241.56.218@meshbox:~/finalTest# ./initTCP_rtsOn.sh 
------------------------------------------------------------
Server listening on TCP port 5001
TCP window size: 85.3 KByte (default)
------------------------------------------------------------
[  6] local 1.241.56.218 port 5001 connected with 1.70.18.140 port 1614
[  7] local 1.241.56.218 port 5001 connected with 1.188.212.31 port 2960
[  8] local 1.241.56.218 port 5001 connected with 1.248.64.31 port 1326
[  9] local 1.241.56.218 port 5001 connected with 1.93.105.236 port 2532
[ ID] Interval       Transfer     Bandwidth
[  6]  0.0-20.0 sec   329 KBytes   135 Kbits/sec
[  8]  0.0-20.0 sec  5.85 MBytes  2.45 Mbits/sec
[  7]  0.0-20.0 sec   443 KBytes   181 Kbits/sec
[  8]  0.0-20.3 sec  5.95 MBytes  2.45 Mbits/sec
[  7]  0.0-20.5 sec   480 KBytes   192 Kbits/sec
[  6]  0.0-24.2 sec   360 KBytes   122 Kbits/sec
[  9]  0.0-20.0 sec  1.09 MBytes   458 Kbits/sec
[  9]  0.0-20.6 sec  1.11 MBytes   451 Kbits/sec
[  6] local 1.241.56.218 port 5001 connected with 1.70.18.140 port 1615
[  7] local 1.241.56.218 port 5001 connected with 1.93.105.236 port 2533
[  8] local 1.241.56.218 port 5001 connected with 1.248.64.31 port 1327
[  9] local 1.241.56.218 port 5001 connected with 1.188.212.31 port 2961
[ ID] Interval       Transfer     Bandwidth
[  6]  0.0-20.0 sec   597 KBytes   244 Kbits/sec
[  6]  0.0-23.5 sec   624 KBytes   218 Kbits/sec
[  7]  0.0-20.0 sec   107 KBytes  43.8 Kbits/sec
[  7]  0.0-21.1 sec   120 KBytes  46.7 Kbits/sec
[  8]  0.0-20.0 sec  4.67 MBytes  1.96 Mbits/sec
[  8]  0.0-20.2 sec  4.75 MBytes  1.97 Mbits/sec
[  9]  0.0-20.0 sec   944 KBytes   387 Kbits/sec
[  9]  0.0-20.1 sec   968 KBytes   394 Kbits/sec
[  6] local 1.241.56.218 port 5001 connected with 1.93.105.236 port 2534
[  7] local 1.241.56.218 port 5001 connected with 1.188.212.31 port 2962
[  8] local 1.241.56.218 port 5001 connected with 1.248.64.31 port 1328
[  9] local 1.241.56.218 port 5001 connected with 1.70.18.140 port 1616
[ ID] Interval       Transfer     Bandwidth
[  6]  0.0-20.0 sec   689 KBytes   282 Kbits/sec
[  7]  0.0-20.0 sec   554 KBytes   227 Kbits/sec
[  8]  0.0-20.0 sec  4.72 MBytes  1.98 Mbits/sec
[  7]  0.0-20.8 sec   576 KBytes   227 Kbits/sec
[  8]  0.0-20.2 sec  4.78 MBytes  1.99 Mbits/sec
[  6]  0.0-26.5 sec   720 KBytes   222 Kbits/sec
[  9]  0.0-20.0 sec   364 KBytes   149 Kbits/sec
[  9]  0.0-20.1 sec   376 KBytes   153 Kbits/sec
[  6] local 1.241.56.218 port 5001 connected with 1.70.18.140 port 1617
[  7] local 1.241.56.218 port 5001 connected with 1.93.105.236 port 2535
[  8] local 1.241.56.218 port 5001 connected with 1.188.212.31 port 2963
[  9] local 1.241.56.218 port 5001 connected with 1.248.64.31 port 1329
[ ID] Interval       Transfer     Bandwidth
[  6]  0.0-20.0 sec   289 KBytes   118 Kbits/sec
[  7]  0.0-20.0 sec   240 KBytes  98.4 Kbits/sec
[  6]  0.0-22.2 sec   304 KBytes   112 Kbits/sec
[  8]  0.0-20.0 sec   399 KBytes   164 Kbits/sec
[  8]  0.0-20.6 sec   416 KBytes   166 Kbits/sec
[  9]  0.0-20.0 sec  4.95 MBytes  2.08 Mbits/sec
[  9]  0.0-20.3 sec  5.00 MBytes  2.07 Mbits/sec
[  7]  0.0-23.2 sec   264 KBytes  93.2 Kbits/sec
1.241.56.218@meshbox:~/finalTest# ./initTCP_rtsOn.sh 
------------------------------------------------------------
Server listening on TCP port 5001
TCP window size: 85.3 KByte (default)
------------------------------------------------------------
1.241.56.218@meshbox:~/finalTest# ls
concurrentFlow_gateway_tcp_rtsOff.sh*        initTCP_singleflow.sh*
concurrentFlow_gateway_tcp_rtsOff_bidir.sh*  initUDP.sh*
concurrentFlow_gateway_tcp_rtsOn.sh*         init_httperf.sh*
concurrentFlow_gateway_tcp_rtsOn_bidir.sh*   linkCapacity_udp_rtsOff.sh*
concurrentFlow_gateway_udp_rtsOff.sh*        singleFlow_gateway_tcp_rtsOff.sh*
concurrentFlow_gateway_udp_rtsOff_bidir.sh*  singleFlow_gateway_tcp_rtsOn.sh*
concurrentFlow_gateway_udp_rtsOn.sh*         singleFlow_gateway_udp_rtsOff.sh*
concurrentFlow_gateway_udp_rtsOn_bidir.sh*   singleFlow_gateway_udp_rtsOn.sh*
ft_241_622                                   singleFlow_udp_rtsOff.sh*
initTCP_rtsOff.sh*                           singleFlow_udp_rtsOn.sh*
initTCP_rtsOn.sh*                            tests_241_625.tar.gz
1.241.56.218@meshbox:~/finalTest# ./concurrentFlow_gateway_tcp_rtsOff.shKilled by signal 15.
Terminated
1.248.64.31@meshbox:~# 
1.248.64.31@meshbox:~# ssh 1.241.56.218
root@1.241.56.218's password: 
Last login: Sat Oct  1 13:04:58 2005 from 1.248.64.31
LocustWorld Mesh: v10 b25.1303 Linux 2.4.20.
1.241.56.218@meshbox:~# cd finalTest/
1.241.56.218@meshbox:~/finalTest# ls
concurrentFlow_gateway_tcp_rtsOff.sh*        initTCP_singleflow.sh*
concurrentFlow_gateway_tcp_rtsOff_bidir.sh*  initUDP.sh*
concurrentFlow_gateway_tcp_rtsOn.sh*         init_httperf.sh*
concurrentFlow_gateway_tcp_rtsOn_bidir.sh*   linkCapacity_udp_rtsOff.sh*
concurrentFlow_gateway_udp_rtsOff.sh*        singleFlow_gateway_tcp_rtsOff.sh*
concurrentFlow_gateway_udp_rtsOff_bidir.sh*  singleFlow_gateway_tcp_rtsOn.sh*
concurrentFlow_gateway_udp_rtsOn.sh*         singleFlow_gateway_udp_rtsOff.sh*
concurrentFlow_gateway_udp_rtsOn_bidir.sh*   singleFlow_gateway_udp_rtsOn.sh*
ft_241_622                                   singleFlow_udp_rtsOff.sh*
initTCP_rtsOff.sh*                           singleFlow_udp_rtsOn.sh*
initTCP_rtsOn.sh*                            tests_241_625.tar.gz
                                                                               
Broadcast Message from root@meshbox                                            
        (somewhere) at 13:31 ...                                               
                                                                               
Attempting to connect gateway 1.241.56.218                                     

                                                                               
Killed by signal 15.
camp:~ camp$ ssh root@192.168.232.1
root@192.168.232.1's password: 
Last login: Sat Oct  1 13:42:14 2005 from 192.168.232.210
LocustWorld Mesh: v10 b25.1303 Linux 2.4.20.
1.248.64.31@meshbox:~# ssh root@1.241.46.218
ssh: connect to host 1.241.46.218 port 22: No route to host
1.248.64.31@meshbox:~# ssh root@1.241.46.218
ssh: connect to host 1.241.46.218 port 22: No route to host
1.248.64.31@meshbox:~# ssh root@1.241.46.218
[1]+  Interrupt               ( /bin/sleep 5; /bin/rm -f /tmp/gztmp$$ "/tmp/$prog" ) 2>/dev/null

1.248.64.31@meshbox:~# ping 1.241.56.218
PING 1.241.56.218 (1.241.56.218): 56 data bytes
62 bytes from 1.248.64.31: Destination Host Unreachable
Vr HL TOS  Len   ID Flg  off TTL Pro  cks      Src      Dst Data
 4  5  c0 5200 ba9b   0 0000  40  01 035a 1.248.64.31  1.248.64.31 
--- 1.241.56.218 ping statistics ---
2 packets transmitted, 0 packets received, 100% packet loss
1.248.64.31@meshbox:~# ping 1.241.56.218
PING 1.241.56.218 (1.241.56.218): 56 data bytes
--- 1.241.56.218 ping statistics ---
3 packets transmitted, 0 packets received, 100% packet loss
                                                                               
Broadcast Message from root@meshbox                                            
        (/dev/tty1) at 13:44 ...                                               
                                                                               
1.248.64.31:  System is going down for reboot                                  

                                                                               
Killed by signal 15.
camp:~ camp$ ssh root@192.168.232.1
root@192.168.232.1's password: 
Last login: Sat Oct  1 14:00:07 2005 from 192.168.232.210
LocustWorld Mesh: v10 b25.1303 Linux 2.4.20.
1.248.64.31@meshbox:~# ping 1.241.56.218
PING 1.241.56.218 (1.241.56.218): 56 data bytes
64 bytes from 1.248.64.31: Destination Host Unreachable
Vr HL TOS  Len   ID Flg  off TTL Pro  cks      Src      Dst Data
 4  5  c0 7000 cc3e   0 0000  40  01 d3b6 1.248.64.31  1.248.64.31 
64 bytes from 1.248.64.31: Destination Host Unreachable
Vr HL TOS  Len   ID Flg  off TTL Pro  cks      Src      Dst Data
 4  5  c0 7000 cd3e   0 0000  40  01 d2b6 1.248.64.31  1.248.64.31 
64 bytes from 1.248.64.31: Destination Host Unreachable
Vr HL TOS  Len   ID Flg  off TTL Pro  cks      Src      Dst Data
 4  5  c0 7000 ce3e   0 0000  40  01 d1b6 1.248.64.31  1.248.64.31 
64 bytes from 1.248.64.31: Destination Host Unreachable
Vr HL TOS  Len   ID Flg  off TTL Pro  cks      Src      Dst Data
 4  5  c0 7000 cf3e   0 0000  40  01 d0b6 1.248.64.31  1.248.64.31 
64 bytes from 1.248.64.31: Destination Host Unreachable
Vr HL TOS  Len   ID Flg  off TTL Pro  cks      Src      Dst Data
 4  5  c0 7000 d03e   0 0000  40  01 cfb6 1.248.64.31  1.248.64.31 
--- 1.241.56.218 ping statistics ---
8 packets transmitted, 0 packets received, 100% packet loss
1.248.64.31@meshbox:~# sigspy
1.248.64.31@meshbox:~# reporter
br0       Link encap:Ethernet  HWaddr 00:04:E2:81:A8:BB  
          inet addr:1.248.64.31  Bcast:1.255.255.255  Mask:255.0.0.0
wlan0     IEEE 802.11b  ESSID:"TFA-Wireless_test"  Nickname:"1.248.64.31"
          Mode:Master  Frequency:2.412GHz  Access Point: 00:04:E2:81:A8:BB  
          Bit Rate:11Mb/s   Tx-Power=24 dBm   Sensitivity=1/3  
          Retry min limit:8   RTS thr=250 B   Fragment thr:off
          Encryption key:off
          Power Management:off
          Link Quality:0  Signal level:0  Noise level:0
          Rx invalid nwid:0  Rx invalid crypt:0  Rx invalid frag:0
          Tx excessive retries:167  Invalid misc:1350   Missed beacon:0

Searching for a gateway to use...


1.241.56.218 1.241.56.218 1 115 (0% @ 0)
1.188.212.31 1.188.212.31 1 116 (100% @ 0)
1.248.64.31@meshbox:~# ssh 1.241.56.218
root@1.241.56.218's password: 
LocustWorld Mesh: v10 b25.1303 Linux 2.4.20.
                                                                               
Broadcast Message from root@meshbox                                            
        (somewhere) at 14:02 ...                                               
                                                                               
Attempting to connect gateway 1.241.56.218                                     

                                                                               
                                                                               
Broadcast Message from root@meshbox                                            
        (somewhere) at 14:02 ...                                               
                                                                               
New gateway found at 172.16.232.1                                              

                                                                               

1.241.56.218@meshbox:~# reporter
br0       Link encap:Ethernet  HWaddr 00:04:E2:81:69:48  
          inet addr:1.241.56.218  Bcast:1.255.255.255  Mask:255.0.0.0
wlan0     IEEE 802.11b  ESSID:"TFA-Wireless_test"  Nickname:"1.241.56.218"
          Mode:Master  Frequency:2.412GHz  Access Point: 00:04:E2:81:69:48  
          Bit Rate:11Mb/s   Tx-Power=24 dBm   Sensitivity=1/3  
          Retry min limit:8   RTS thr=250 B   Fragment thr:off
          Encryption key:off
          Power Management:off
          Link Quality:0  Signal level:0  Noise level:0
          Rx invalid nwid:0  Rx invalid crypt:0  Rx invalid frag:0
          Tx excessive retries:76  Invalid misc:436   Missed beacon:0

Connected to the network
          inet addr:172.16.232.1  P-t-P:172.16.232.2  Mask:255.255.255.255
          inet addr:172.16.233.1  P-t-P:172.16.233.2  Mask:255.255.255.255
0.0.0.0         172.17.6.1      0.0.0.0         UG    0      0        0 eth0
==>       0  DHCP clients
Mesh nodes detected

10.84.110.190 1.248.64.31 1 116 (100% @ 0)
1.248.64.31 1.248.64.31 1 116 (100% @ 0)
1.188.212.31 1.248.64.31 2 255
1.241.56.218@meshbox:~# cd finalTest/
1.241.56.218@meshbox:~/finalTest# ls
concurrentFlow_gateway_tcp_rtsOff.sh*        initTCP_singleflow.sh*
concurrentFlow_gateway_tcp_rtsOff_bidir.sh*  initUDP.sh*
concurrentFlow_gateway_tcp_rtsOn.sh*         init_httperf.sh*
concurrentFlow_gateway_tcp_rtsOn_bidir.sh*   linkCapacity_udp_rtsOff.sh*
concurrentFlow_gateway_udp_rtsOff.sh*        singleFlow_gateway_tcp_rtsOff.sh*
concurrentFlow_gateway_udp_rtsOff_bidir.sh*  singleFlow_gateway_tcp_rtsOn.sh*
concurrentFlow_gateway_udp_rtsOn.sh*         singleFlow_gateway_udp_rtsOff.sh*
concurrentFlow_gateway_udp_rtsOn_bidir.sh*   singleFlow_gateway_udp_rtsOn.sh*
ft_241_622                                   singleFlow_udp_rtsOff.sh*
initTCP_rtsOff.sh*                           singleFlow_udp_rtsOn.sh*
initTCP_rtsOn.sh*                            tests_241_625.tar.gz
1.241.56.218@meshbox:~/finalTest# reporter
br0       Link encap:Ethernet  HWaddr 00:04:E2:81:69:48  
          inet addr:1.241.56.218  Bcast:1.255.255.255  Mask:255.0.0.0
wlan0     IEEE 802.11b  ESSID:"TFA-Wireless_test"  Nickname:"1.241.56.218"
          Mode:Master  Frequency:2.412GHz  Access Point: 00:04:E2:81:69:48  
          Bit Rate:11Mb/s   Tx-Power=24 dBm   Sensitivity=1/3  
          Retry min limit:8   RTS thr=250 B   Fragment thr:off
          Encryption key:off
          Power Management:off
          Link Quality:0  Signal level:0  Noise level:0
          Rx invalid nwid:0  Rx invalid crypt:0  Rx invalid frag:0
          Tx excessive retries:388  Invalid misc:977   Missed beacon:0

Connected to the network
          inet addr:172.16.232.1  P-t-P:172.16.232.2  Mask:255.255.255.255
          inet addr:172.16.233.1  P-t-P:172.16.233.2  Mask:255.255.255.255
          inet addr:172.16.129.1  P-t-P:172.16.129.2  Mask:255.255.255.255
0.0.0.0         172.17.6.1      0.0.0.0         UG    0      0        0 eth0
==>       0  DHCP clients
Mesh nodes detected

10.84.110.190 1.248.64.31 1 115 (100% @ 0)
1.248.64.31 1.248.64.31 1 114 (100% @ 0)
1.70.18.140 1.248.64.31 4 255
1.188.212.31 1.248.64.31 2 255
1.93.105.236 1.248.64.31 3 255
1.241.56.218@meshbox:~/finalTest# reporterbr0       Link encap:Ethernet  HWaddr 00:04:E2:81:69:48  
          inet addr:1.241.56.218  Bcast:1.255.255.255  Mask:255.0.0.0
wlan0     IEEE 802.11b  ESSID:"TFA-Wireless_test"  Nickname:"1.241.56.218"
          Mode:Master  Frequency:2.412GHz  Access Point: 00:04:E2:81:69:48  
          Bit Rate:11Mb/s   Tx-Power=24 dBm   Sensitivity=1/3  
          Retry min limit:8   RTS thr=250 B   Fragment thr:off
          Encryption key:off
          Power Management:off
          Link Quality:0  Signal level:0  Noise level:0
          Rx invalid nwid:0  Rx invalid crypt:0  Rx invalid frag:0
          Tx excessive retries:583  Invalid misc:1550   Missed beacon:0

Connected to the network
          inet addr:172.16.232.1  P-t-P:172.16.232.2  Mask:255.255.255.255
          inet addr:172.16.233.1  P-t-P:172.16.233.2  Mask:255.255.255.255
0.0.0.0         172.17.6.1      0.0.0.0         UG    0      0        0 eth0
==>       0  DHCP clients
Mesh nodes detected

10.84.110.190 1.248.64.31 1 117 (100% @ 0)
1.248.64.31 1.248.64.31 1 115 (100% @ 0)
1.188.212.31 1.248.64.31 2 255
1.241.56.218@meshbox:~/finalTest# reporter
br0       Link encap:Ethernet  HWaddr 00:04:E2:81:69:48  
          inet addr:1.241.56.218  Bcast:1.255.255.255  Mask:255.0.0.0
wlan0     IEEE 802.11b  ESSID:"TFA-Wireless_test"  Nickname:"1.241.56.218"
          Mode:Master  Frequency:2.412GHz  Access Point: 00:04:E2:81:69:48  
          Bit Rate:11Mb/s   Tx-Power=24 dBm   Sensitivity=1/3  
          Retry min limit:8   RTS thr=250 B   Fragment thr:off
          Encryption key:off
          Power Management:off
          Link Quality:0  Signal level:0  Noise level:0
          Rx invalid nwid:0  Rx invalid crypt:0  Rx invalid frag:0
          Tx excessive retries:595  Invalid misc:1604   Missed beacon:0

Connected to the network
          inet addr:172.16.232.1  P-t-P:172.16.232.2  Mask:255.255.255.255
          inet addr:172.16.233.1  P-t-P:172.16.233.2  Mask:255.255.255.255
0.0.0.0         172.17.6.1      0.0.0.0         UG    0      0        0 eth0
==>       0  DHCP clients
Mesh nodes detected

10.84.110.190 1.248.64.31 1 117 (100% @ 0)
1.248.64.31 1.248.64.31 1 115 (100% @ 0)
1.188.212.31 1.248.64.31 2 255
1.241.56.218@meshbox:~/finalTest# reporter
br0       Link encap:Ethernet  HWaddr 00:04:E2:81:69:48  
          inet addr:1.241.56.218  Bcast:1.255.255.255  Mask:255.0.0.0
wlan0     IEEE 802.11b  ESSID:"TFA-Wireless_test"  Nickname:"1.241.56.218"
          Mode:Master  Frequency:2.412GHz  Access Point: 00:04:E2:81:69:48  
          Bit Rate:11Mb/s   Tx-Power=24 dBm   Sensitivity=1/3  
          Retry min limit:8   RTS thr=250 B   Fragment thr:off
          Encryption key:off
          Power Management:off
          Link Quality:0  Signal level:0  Noise level:0
          Rx invalid nwid:0  Rx invalid crypt:0  Rx invalid frag:0
          Tx excessive retries:595  Invalid misc:1604   Missed beacon:0

Connected to the network
          inet addr:172.16.232.1  P-t-P:172.16.232.2  Mask:255.255.255.255
          inet addr:172.16.233.1  P-t-P:172.16.233.2  Mask:255.255.255.255
0.0.0.0         172.17.6.1      0.0.0.0         UG    0      0        0 eth0
==>       0  DHCP clients
Mesh nodes detected

10.84.110.190 1.248.64.31 1 116 (100% @ 0)
1.248.64.31 1.248.64.31 1 116 (100% @ 0)
1.188.212.31 1.248.64.31 2 255
1.241.56.218@meshbox:~/finalTest# reporter
br0       Link encap:Ethernet  HWaddr 00:04:E2:81:69:48  
          inet addr:1.241.56.218  Bcast:1.255.255.255  Mask:255.0.0.0
wlan0     IEEE 802.11b  ESSID:"TFA-Wireless_test"  Nickname:"1.241.56.218"
          Mode:Master  Frequency:2.412GHz  Access Point: 00:04:E2:81:69:48  
          Bit Rate:11Mb/s   Tx-Power=24 dBm   Sensitivity=1/3  
          Retry min limit:8   RTS thr=250 B   Fragment thr:off
          Encryption key:off
          Power Management:off
          Link Quality:0  Signal level:0  Noise level:0
          Rx invalid nwid:0  Rx invalid crypt:0  Rx invalid frag:0
          Tx excessive retries:608  Invalid misc:1633   Missed beacon:0

Connected to the network
          inet addr:172.16.232.1  P-t-P:172.16.232.2  Mask:255.255.255.255
          inet addr:172.16.233.1  P-t-P:172.16.233.2  Mask:255.255.255.255
0.0.0.0         172.17.6.1      0.0.0.0         UG    0      0        0 eth0
==>       0  DHCP clients
Mesh nodes detected

10.84.110.190 1.248.64.31 1 115 (100% @ 0)
1.248.64.31 1.248.64.31 1 115 (100% @ 0)
1.188.212.31 1.248.64.31 2 255
1.241.56.218@meshbox:~/finalTest# ./concurrentFlow_gateway_tcp_rtsOff.sh 
1.241.56.218@meshbox:~/finalTest# vi concurrentFlow_gateway_tcp_rtsOff.sh 
reading concurrentFlow_gateway_tcp_rtsOff.sh

wrote concurrentFlow_gateway_tcp_rtsOff.sh, 33 lines, 1671 chars
1.241.56.218@meshbox:~/finalTest# ./concurrentFlow_gateway_tcp_rtsOff.sh 
./concurrentFlow_gateway_tcp_rtsOff.sh: _gateway_tcp_rtsOff_hop3_log: command not found
./concurrentFlow_gateway_tcp_rtsOff.sh: _rtsOff_hop3_log: command not found
./concurrentFlow_gateway_tcp_rtsOff.sh: gateway_tcp_rtsOff_hop4_log: command not found
./concurrentFlow_gateway_tcp_rtsOff.sh: _rtsOff_hop4_log: command not found
1.241.56.218@meshbox:~/finalTest# vi concurrentFlow_gateway_tcp_rtsOff.sh 
reading concurrentFlow_gateway_tcp_rtsOff.sh

wrote concurrentFlow_gateway_tcp_rtsOff.sh, 29 lines, 1667 chars
1.241.56.218@meshbox:~/finalTest# ./concurrentFlow_gateway_tcp_rtsOff.sh 
1.241.56.218@meshbox:~/finalTest# ./concurrentFlow_gateway_tcp_rtsOff.sh 
1.241.56.218@meshbox:~/finalTest# connect failed: Connection timed out
reporter
br0       Link encap:Ethernet  HWaddr 00:04:E2:81:69:48  
          inet addr:1.241.56.218  Bcast:1.255.255.255  Mask:255.0.0.0
wlan0     IEEE 802.11b  ESSID:"TFA-Wireless_test"  Nickname:"1.241.56.218"
          Mode:Master  Frequency:2.412GHz  Access Point: 00:04:E2:81:69:48  
          Bit Rate=11Mb/s   Tx-Power=24 dBm   Sensitivity=1/3  
          Retry min limit:8   RTS thr:off   Fragment thr:off
          Encryption key:off
          Power Management:off
          Link Quality:0  Signal level:0  Noise level:0
          Rx invalid nwid:0  Rx invalid crypt:0  Rx invalid frag:0
          Tx excessive retries:1383  Invalid misc:2843   Missed beacon:0

Connected to the network
          inet addr:172.16.232.1  P-t-P:172.16.232.2  Mask:255.255.255.255
          inet addr:172.16.233.1  P-t-P:172.16.233.2  Mask:255.255.255.255
          inet addr:172.16.245.1  P-t-P:172.16.245.2  Mask:255.255.255.255
          inet addr:172.16.129.1  P-t-P:172.16.129.2  Mask:255.255.255.255
0.0.0.0         172.17.6.1      0.0.0.0         UG    0      0        0 eth0
==>       0  DHCP clients
Mesh nodes detected

10.84.110.190 1.248.64.31 1 113 (100% @ 0)
1.248.64.31 1.248.64.31 1 112 (100% @ 0)
1.188.212.31 1.248.64.31 2 255
1.93.105.236 1.248.64.31 3 255
1.70.18.140 1.248.64.31 4 255
1.241.56.218@meshbox:~/finalTest# ./concurrentFlow_gateway_tcp_rtsOff.sh 
1.241.56.218@meshbox:~/finalTest# ./concurrentFlow_gateway_tcp_rtsOff.sh 
1.241.56.218@meshbox:~/finalTest# ./concurrentFlow_gateway_tcp_rtsOff.sh 
1.241.56.218@meshbox:~/finalTest# ./concurrentFlow_gateway_tcp_rtsOff.sh 
1.241.56.218@meshbox:~/finalTest# ./concurrentFlow_gateway_tcp_rtsOff.sh 
1.241.56.218@meshbox:~/finalTest# 
